18:41:16 **** Incremental Build of configuration Debug for project Projeto02Timer ****
make -j12 all 
arm-none-eabi-gcc "../Core/Src/main.c" -mcpu=cortex-m4 -std=gnu11 -g3 -DDEBUG -DUSE_HAL_DRIVER -DSTM32L476xx -c -I../Core/Inc -I../Drivers/STM32L4xx_HAL_Driver/Inc -I../Drivers/STM32L4xx_HAL_Driver/Inc/Legacy -I../Drivers/CMSIS/Device/ST/STM32L4xx/Include -I../Drivers/CMSIS/Include -O0 -ffunction-sections -fdata-sections -Wall -fstack-usage -fcyclomatic-complexity -MMD -MP -MF"Core/Src/main.d" -MT"Core/Src/main.o" --specs=nano.specs -mfpu=fpv4-sp-d16 -mfloat-abi=hard -mthumb -o "Core/Src/main.o"
arm-none-eabi-gcc -o "Projeto02Timer.elf" @"objects.list"   -mcpu=cortex-m4 -T"D:\GitHub\MinhaJornada\Curso STM32 - Gabriel Vigiano\Projeto02Timer\STM32L476RGTX_FLASH.ld" --specs=nosys.specs -Wl,-Map="Projeto02Timer.map" -Wl,--gc-sections -static --specs=nano.specs -mfpu=fpv4-sp-d16 -mfloat-abi=hard -mthumb -Wl,--start-group -lc -lm -Wl,--end-group
Finished building target: Projeto02Timer.elf
 
arm-none-eabi-size  Projeto02Timer.elf 
arm-none-eabi-objdump -h -S Projeto02Timer.elf  > "Projeto02Timer.list"
   text	   data	    bss	    dec	    hex	filename
   9012	     20	   1724	  10756	   2a04	Projeto02Timer.elf
Finished building: default.size.stdout
 
Finished building: Projeto02Timer.list
 

18:41:16 Build Finished. 0 errors, 0 warnings. (took 548ms)

